// Jest Snapshot v1, https://goo.gl/fbAQLP

exports[`<Clock /> renders without crashing 1`] = `
<div
  className="timerContainer"
>
  <div
    className="countText"
  >
    60
  </div>
  <Progress
    className="timeCircle"
    gapPosition="top"
    percent={100}
    prefixCls="rc-progress"
    strokeColor="#2db7f5"
    strokeLinecap="round"
    strokeWidth="6"
    style={Object {}}
    trailColor="#D9D9D9"
    trailWidth={1}
  />
  <div />
</div>
`;
