// Jest Snapshot v1, https://goo.gl/fbAQLP

exports[`<LanguageSelector /> renders without crashing 1`] = `<[object Object] />`;
