// Jest Snapshot v1, https://goo.gl/fbAQLP

exports[`<StartScreen /> renders without crashing 1`] = `<[object Object] />`;
