// Jest Snapshot v1, https://goo.gl/fbAQLP

exports[`<About /> renders without crashing 1`] = `<[object Object] />`;
