// Jest Snapshot v1, https://goo.gl/fbAQLP

exports[`<GuacamoleGame /> renders without crashing 1`] = `<[object Object] />`;
